[    0.000000] Linux version 4.15.0-159-generic (buildd@lgw01-amd64-055) (gcc version 7.5.0 (Ubuntu 7.5.0-3ubuntu1~18.04)) #167-Ubuntu SMP Tue Sep 21 08:55:05 UTC 2021 (Ubuntu 4.15.0-159.167-generic 4.15.18)
[    0.000000] Command line: BOOT_IMAGE=/boot/vmlinuz-4.15.0-159-generic root=LABEL=cloudimg-rootfs ro console=tty1 console=ttyS0
[    0.000000] KERNEL supported cpus:
[    0.000000]   Intel GenuineIntel
[    0.000000]   AMD AuthenticAMD
[    0.000000]   Centaur CentaurHauls
[    0.000000] x86/fpu: Supporting XSAVE feature 0x001: 'x87 floating point registers'
[    0.000000] x86/fpu: Supporting XSAVE feature 0x002: 'SSE registers'
[    0.000000] x86/fpu: Supporting XSAVE feature 0x004: 'AVX registers'
[    0.000000] x86/fpu: xstate_offset[2]:  576, xstate_sizes[2]:  256
[    0.000000] x86/fpu: Enabled xstate features 0x7, context size is 832 bytes, using 'standard' format.
[    0.000000] e820: BIOS-provided physical RAM map:
[    0.000000] BIOS-e820: [mem 0x0000000000000000-0x000000000009fbff] usable
[    0.000000] BIOS-e820: [mem 0x000000000009fc00-0x000000000009ffff] reserved
[    0.000000] BIOS-e820: [mem 0x00000000000f0000-0x00000000000fffff] reserved
[    0.000000] BIOS-e820: [mem 0x0000000000100000-0x000000001ffeffff] usable
[    0.000000] BIOS-e820: [mem 0x000000001fff0000-0x000000001fffffff] ACPI data
[    0.000000] BIOS-e820: [mem 0x00000000fec00000-0x00000000fec00fff] reserved
[    0.000000] BIOS-e820: [mem 0x00000000fee00000-0x00000000fee00fff] reserved
[    0.000000] BIOS-e820: [mem 0x00000000fffc0000-0x00000000ffffffff] reserved
[    0.000000] NX (Execute Disable) protection: active
[    0.000000] SMBIOS 2.5 present.
[    0.000000] DMI: innotek GmbH VirtualBox/VirtualBox, BIOS VirtualBox 12/01/2006
[    0.000000] Hypervisor detected: KVM
[    0.000000] e820: last_pfn = 0x1fff0 max_arch_pfn = 0x400000000
[    0.000000] MTRR: Disabled
[    0.000000] x86/PAT: MTRRs disabled, skipping PAT initialization too.
[    0.000000] CPU MTRRs all blank - virtualized system.
[    0.000000] x86/PAT: Configuration [0-7]: WB  WT  UC- UC  WB  WT  UC- UC  
[    0.000000] found SMP MP-table at [mem 0x0009fff0-0x0009ffff]
[    0.000000] Scanning 1 areas for low memory corruption
[    0.000000] RAMDISK: [mem 0x1db28000-0x1ee39fff]
[    0.000000] ACPI: Early table checksum verification disabled
[    0.000000] ACPI: RSDP 0x00000000000E0000 000024 (v02 VBOX  )
[    0.000000] ACPI: XSDT 0x000000001FFF0030 00003C (v01 VBOX   VBOXXSDT 00000001 ASL  00000061)
[    0.000000] ACPI: FACP 0x000000001FFF00F0 0000F4 (v04 VBOX   VBOXFACP 00000001 ASL  00000061)
[    0.000000] ACPI: DSDT 0x000000001FFF0470 002325 (v02 VBOX   VBOXBIOS 00000002 INTL 20190509)
[    0.000000] ACPI: FACS 0x000000001FFF0200 000040
[    0.000000] ACPI: FACS 0x000000001FFF0200 000040
[    0.000000] ACPI: APIC 0x000000001FFF0240 000054 (v02 VBOX   VBOXAPIC 00000001 ASL  00000061)
[    0.000000] ACPI: SSDT 0x000000001FFF02A0 0001CC (v01 VBOX   VBOXCPUT 00000002 INTL 20190509)
[    0.000000] ACPI: Reserving FACP table memory at [mem 0x1fff00f0-0x1fff01e3]
[    0.000000] ACPI: Reserving DSDT table memory at [mem 0x1fff0470-0x1fff2794]
[    0.000000] ACPI: Reserving FACS table memory at [mem 0x1fff0200-0x1fff023f]
[    0.000000] ACPI: Reserving FACS table memory at [mem 0x1fff0200-0x1fff023f]
[    0.000000] ACPI: Reserving APIC table memory at [mem 0x1fff0240-0x1fff0293]
[    0.000000] ACPI: Reserving SSDT table memory at [mem 0x1fff02a0-0x1fff046b]
[    0.000000] No NUMA configuration found
[    0.000000] Faking a node at [mem 0x0000000000000000-0x000000001ffeffff]
[    0.000000] NODE_DATA(0) allocated [mem 0x1ffc5000-0x1ffeffff]
[    0.000000] kvm-clock: cpu 0, msr 0:1ff44001, primary cpu clock
[    0.000000] kvm-clock: Using msrs 4b564d01 and 4b564d00
[    0.000000] kvm-clock: using sched offset of 3094365554 cycles
[    0.000000] clocksource: kvm-clock: mask: 0xffffffffffffffff max_cycles: 0x1cd42e4dffb, max_idle_ns: 881590591483 ns
[    0.000000] Zone ranges:
[    0.000000]   DMA      [mem 0x0000000000001000-0x0000000000ffffff]
[    0.000000]   DMA32    [mem 0x0000000001000000-0x000000001ffeffff]
[    0.000000]   Normal   empty
[    0.000000]   Device   empty
[    0.000000] Movable zone start for each node
[    0.000000] Early memory node ranges
[    0.000000]   node   0: [mem 0x0000000000001000-0x000000000009efff]
[    0.000000]   node   0: [mem 0x0000000000100000-0x000000001ffeffff]
[    0.000000] Reserved but unavailable: 104 pages
[    0.000000] Initmem setup node 0 [mem 0x0000000000001000-0x000000001ffeffff]
[    0.000000] ACPI: PM-Timer IO Port: 0x4008
[    0.000000] IOAPIC[0]: apic_id 1, version 32, address 0xfec00000, GSI 0-23
[    0.000000] ACPI: INT_SRC_OVR (bus 0 bus_irq 0 global_irq 2 dfl dfl)
[    0.000000] ACPI: INT_SRC_OVR (bus 0 bus_irq 9 global_irq 9 low level)
[    0.000000] Using ACPI (MADT) for SMP configuration information
[    0.000000] smpboot: Allowing 1 CPUs, 0 hotplug CPUs
[    0.000000] PM: Registered nosave memory: [mem 0x00000000-0x00000fff]
[    0.000000] PM: Registered nosave memory: [mem 0x0009f000-0x0009ffff]
[    0.000000] PM: Registered nosave memory: [mem 0x000a0000-0x000effff]
[    0.000000] PM: Registered nosave memory: [mem 0x000f0000-0x000fffff]
[    0.000000] e820: [mem 0x20000000-0xfebfffff] available for PCI devices
[    0.000000] Booting paravirtualized kernel on KVM
[    0.000000] clocksource: refined-jiffies: mask: 0xffffffff max_cycles: 0xffffffff, max_idle_ns: 7645519600211568 ns
[    0.000000] random: get_random_bytes called from start_kernel+0x99/0x500 with crng_init=0
[    0.000000] setup_percpu: NR_CPUS:8192 nr_cpumask_bits:1 nr_cpu_ids:1 nr_node_ids:1
[    0.000000] percpu: Embedded 45 pages/cpu s147456 r8192 d28672 u2097152
[    0.000000] PV qspinlock hash table entries: 256 (order: 0, 4096 bytes)
[    0.000000] Built 1 zonelists, mobility grouping on.  Total pages: 128889
[    0.000000] Policy zone: DMA32
[    0.000000] Kernel command line: BOOT_IMAGE=/boot/vmlinuz-4.15.0-159-generic root=LABEL=cloudimg-rootfs ro console=tty1 console=ttyS0
[    0.000000] Memory: 466792K/523832K available (12300K kernel code, 2483K rwdata, 4320K rodata, 2448K init, 2724K bss, 57040K reserved, 0K cma-reserved)
[    0.000000] SLUB: HWalign=64, Order=0-3, MinObjects=0, CPUs=1, Nodes=1
[    0.000000] Kernel/User page tables isolation: enabled
[    0.000000] ftrace: allocating 39471 entries in 155 pages
[    0.004000] Hierarchical RCU implementation.
[    0.004000] 	RCU restricting CPUs from NR_CPUS=8192 to nr_cpu_ids=1.
[    0.004000] 	Tasks RCU enabled.
[    0.004000] RCU: Adjusting geometry for rcu_fanout_leaf=16, nr_cpu_ids=1
[    0.004000] NR_IRQS: 524544, nr_irqs: 256, preallocated irqs: 16
[    0.004000] Console: colour VGA+ 80x25
[    0.004000] console [tty1] enabled
[    0.004000] console [ttyS0] enabled
[    0.004000] ACPI: Core revision 20170831
[    0.004000] ACPI: 2 ACPI AML tables successfully acquired and loaded
[    0.004000] APIC: Switch to symmetric I/O mode setup
[    0.004000] x2apic enabled
[    0.004000] Switched APIC routing to physical x2apic.
[    0.004000] ..TIMER: vector=0x30 apic1=0 pin1=2 apic2=-1 pin2=-1
[    0.004000] tsc: Detected 3985.884 MHz processor
[    0.004011] Calibrating delay loop (skipped) preset value.. 7971.76 BogoMIPS (lpj=15943536)
[    0.004933] pid_max: default: 32768 minimum: 301
[    0.005478] Security Framework initialized
[    0.005936] Yama: becoming mindful.
[    0.006375] AppArmor: AppArmor initialized
[    0.007001] Dentry cache hash table entries: 65536 (order: 7, 524288 bytes)
[    0.007745] Inode-cache hash table entries: 32768 (order: 6, 262144 bytes)
[    0.008009] Mount-cache hash table entries: 1024 (order: 1, 8192 bytes)
[    0.008711] Mountpoint-cache hash table entries: 1024 (order: 1, 8192 bytes)
[    0.009641] process: using mwait in idle threads
[    0.010219] Last level iTLB entries: 4KB 1024, 2MB 1024, 4MB 1024
[    0.010869] Last level dTLB entries: 4KB 1024, 2MB 1024, 4MB 1024, 1GB 4
[    0.012002] Spectre V1 : Mitigation: usercopy/swapgs barriers and __user pointer sanitization
[    0.013018] Spectre V2 : Mitigation: Full generic retpoline
[    0.013637] Spectre V2 : Spectre v2 / SpectreRSB mitigation: Filling RSB on context switch
[    0.014489] Speculative Store Bypass: Vulnerable
[    0.015056] SRBDS: Unknown: Dependent on hypervisor status
[    0.015653] MDS: Mitigation: Clear CPU buffers
[    0.028764] Freeing SMP alternatives memory: 36K
[    0.138452] smpboot: CPU0: Intel(R) Core(TM) i7-4790K CPU @ 4.00GHz (family: 0x6, model: 0x3c, stepping: 0x3)
[    0.139612] Performance Events: unsupported p6 CPU model 60 no PMU driver, software events only.
[    0.140000] Hierarchical SRCU implementation.
[    0.140000] NMI watchdog: Perf event create on CPU 0 failed with -2
[    0.140000] NMI watchdog: Perf NMI watchdog permanently disabled
[    0.140029] smp: Bringing up secondary CPUs ...
[    0.140542] smp: Brought up 1 node, 1 CPU
[    0.141054] smpboot: Max logical packages: 1
[    0.141531] smpboot: Total of 1 processors activated (7971.76 BogoMIPS)
[    0.142321] devtmpfs: initialized
[    0.142765] x86/mm: Memory block size: 128MB
[    0.143347] evm: security.selinux
[    0.144005] evm: security.SMACK64
[    0.144416] evm: security.SMACK64EXEC
[    0.144849] evm: security.SMACK64TRANSMUTE
[    0.145284] evm: security.SMACK64MMAP
[    0.145691] evm: security.apparmor
[    0.146089] evm: security.ima
[    0.146457] evm: security.capability
[    0.146998] clocksource: jiffies: mask: 0xffffffff max_cycles: 0xffffffff, max_idle_ns: 7645041785100000 ns
[    0.148010] futex hash table entries: 256 (order: 2, 16384 bytes)
[    0.148748] pinctrl core: initialized pinctrl subsystem
[    0.149421] RTC time: 13:44:55, date: 10/08/21
[    0.150075] NET: Registered protocol family 16
[    0.150745] audit: initializing netlink subsys (disabled)
[    0.151423] cpuidle: using governor ladder
[    0.152010] audit: type=2000 audit(1633700699.386:1): state=initialized audit_enabled=0 res=1
[    0.152989] cpuidle: using governor menu
[    0.153486] ACPI: bus type PCI registered
[    0.153955] acpiphp: ACPI Hot Plug PCI Controller Driver version: 0.5
[    0.154683] PCI: Using configuration type 1 for base access
[    0.156359] HugeTLB registered 2.00 MiB page size, pre-allocated 0 pages
[    0.157240] ACPI: Added _OSI(Module Device)
[    0.157774] ACPI: Added _OSI(Processor Device)
[    0.158373] ACPI: Added _OSI(3.0 _SCP Extensions)
[    0.158913] ACPI: Added _OSI(Processor Aggregator Device)
[    0.159469] ACPI: Added _OSI(Linux-Dell-Video)
[    0.159980] ACPI: Added _OSI(Linux-Lenovo-NV-HDMI-Audio)
[    0.160006] ACPI: Added _OSI(Linux-HPI-Hybrid-Graphics)
[    0.160788] ACPI: Executed 1 blocks of module-level executable AML code
[    0.164426] ACPI: Interpreter enabled
[    0.164988] ACPI: (supports S0 S5)
[    0.165385] ACPI: Using IOAPIC for interrupt routing
[    0.166071] PCI: Using host bridge windows from ACPI; if necessary, use "pci=nocrs" and report a bug
[    0.167130] ACPI: Enabled 2 GPEs in block 00 to 07
[    0.171507] ACPI: PCI Root Bridge [PCI0] (domain 0000 [bus 00-ff])
[    0.172007] acpi PNP0A03:00: _OSC: OS supports [ASPM ClockPM Segments MSI]
[    0.173154] acpi PNP0A03:00: _OSC: not requesting OS control; OS requires [ExtendedConfig ASPM ClockPM MSI]
[    0.174326] acpi PNP0A03:00: fail to add MMCONFIG information, can't access extended PCI configuration space under this bridge.
[    0.176120] PCI host bridge to bus 0000:00
[    0.176632] pci_bus 0000:00: root bus resource [io  0x0000-0x0cf7 window]
[    0.177355] pci_bus 0000:00: root bus resource [io  0x0d00-0xffff window]
[    0.178119] pci_bus 0000:00: root bus resource [mem 0x000a0000-0x000bffff window]
[    0.179359] pci_bus 0000:00: root bus resource [mem 0x20000000-0xfdffffff window]
[    0.180003] pci_bus 0000:00: root bus resource [bus 00-ff]
[    0.181701] pci 0000:00:01.1: legacy IDE quirk: reg 0x10: [io  0x01f0-0x01f7]
[    0.182501] pci 0000:00:01.1: legacy IDE quirk: reg 0x14: [io  0x03f6]
[    0.183193] pci 0000:00:01.1: legacy IDE quirk: reg 0x18: [io  0x0170-0x0177]
[    0.184002] pci 0000:00:01.1: legacy IDE quirk: reg 0x1c: [io  0x0376]
[    0.191231] pci 0000:00:07.0: quirk: [io  0x4000-0x403f] claimed by PIIX4 ACPI
[    0.192017] pci 0000:00:07.0: quirk: [io  0x4100-0x410f] claimed by PIIX4 SMB
[    0.197042] ACPI: PCI Interrupt Link [LNKA] (IRQs 5 9 10 *11)
[    0.197958] ACPI: PCI Interrupt Link [LNKB] (IRQs 5 9 *10 11)
[    0.198799] ACPI: PCI Interrupt Link [LNKC] (IRQs 5 *9 10 11)
[    0.199744] ACPI: PCI Interrupt Link [LNKD] (IRQs 5 9 10 *11)
[    0.200478] SCSI subsystem initialized
[    0.201313] pci 0000:00:02.0: vgaarb: setting as boot VGA device
[    0.202118] pci 0000:00:02.0: vgaarb: VGA device added: decodes=io+mem,owns=io+mem,locks=none
[    0.203009] pci 0000:00:02.0: vgaarb: bridge control possible
[    0.204004] vgaarb: loaded
[    0.204347] ACPI: bus type USB registered
[    0.204830] usbcore: registered new interface driver usbfs
[    0.205439] usbcore: registered new interface driver hub
[    0.206056] usbcore: registered new device driver usb
[    0.206678] EDAC MC: Ver: 3.0.0
[    0.207234] PCI: Using ACPI for IRQ routing
[    0.208212] NetLabel: Initializing
[    0.208689] NetLabel:  domain hash size = 128
[    0.209162] NetLabel:  protocols = UNLABELED CIPSOv4 CALIPSO
[    0.209830] NetLabel:  unlabeled traffic allowed by default
[    0.210650] clocksource: Switched to clocksource kvm-clock
[    0.216488] VFS: Disk quotas dquot_6.6.0
[    0.217046] VFS: Dquot-cache hash table entries: 512 (order 0, 4096 bytes)
[    0.217849] AppArmor: AppArmor Filesystem Enabled
[    0.218431] pnp: PnP ACPI init
[    0.219687] pnp: PnP ACPI: found 3 devices
[    0.225485] clocksource: acpi_pm: mask: 0xffffff max_cycles: 0xffffff, max_idle_ns: 2085701024 ns
[    0.226769] NET: Registered protocol family 2
[    0.227306] IP idents hash table entries: 8192 (order: 4, 65536 bytes)
[    0.228139] TCP established hash table entries: 4096 (order: 3, 32768 bytes)
[    0.228960] TCP bind hash table entries: 4096 (order: 4, 65536 bytes)
[    0.229672] TCP: Hash tables configured (established 4096 bind 4096)
[    0.230361] UDP hash table entries: 256 (order: 1, 8192 bytes)
[    0.230966] UDP-Lite hash table entries: 256 (order: 1, 8192 bytes)
[    0.231710] NET: Registered protocol family 1
[    0.232339] pci 0000:00:00.0: Limiting direct PCI/PCI transfers
[    0.233013] pci 0000:00:01.0: Activating ISA DMA hang workarounds
[    0.233758] pci 0000:00:02.0: Video device with shadowed ROM at [mem 0x000c0000-0x000dffff]
[    0.234769] Unpacking initramfs...
[    0.443709] Freeing initrd memory: 19528K
[    0.444444] clocksource: tsc: mask: 0xffffffffffffffff max_cycles: 0x72e88d36d00, max_idle_ns: 881590989403 ns
[    0.445606] platform rtc_cmos: registered platform RTC device (no PNP device found)
[    0.446501] Scanning for low memory corruption every 60 seconds
[    0.447544] Initialise system trusted keyrings
[    0.448064] Key type blacklist registered
[    0.448615] workingset: timestamp_bits=36 max_order=17 bucket_order=0
[    0.450031] zbud: loaded
[    0.450781] squashfs: version 4.0 (2009/01/31) Phillip Lougher
[    0.451690] fuse init (API version 7.26)
[    0.452826] Key type asymmetric registered
[    0.453325] Asymmetric key parser 'x509' registered
[    0.453874] Block layer SCSI generic (bsg) driver version 0.4 loaded (major 246)
[    0.454756] io scheduler noop registered
[    0.455227] io scheduler deadline registered
[    0.455701] io scheduler cfq registered (default)
[    0.456467] ACPI: AC Adapter [AC] (on-line)
[    0.457064] input: Power Button as /devices/LNXSYSTM:00/LNXPWRBN:00/input/input0
[    0.457899] ACPI: Power Button [PWRF]
[    0.458396] input: Sleep Button as /devices/LNXSYSTM:00/LNXSLPBN:00/input/input1
[    0.459242] ACPI: Sleep Button [SLPF]
[    0.459864] Serial: 8250/16550 driver, 32 ports, IRQ sharing enabled
[    0.481218] 00:02: ttyS0 at I/O 0x3f8 (irq = 4, base_baud = 115200) is a 16550A
[    0.483091] Linux agpgart interface v0.103
[    0.484377] loop: module loaded
[    0.485119] scsi host0: ata_piix
[    0.485589] scsi host1: ata_piix
[    0.486047] ata1: PATA max UDMA/33 cmd 0x1f0 ctl 0x3f6 bmdma 0xd000 irq 14
[    0.486784] ata2: PATA max UDMA/33 cmd 0x170 ctl 0x376 bmdma 0xd008 irq 15
[    0.487754] libphy: Fixed MDIO Bus: probed
[    0.488303] tun: Universal TUN/TAP device driver, 1.6
[    0.488880] PPP generic driver version 2.4.2
[    0.489494] ehci_hcd: USB 2.0 'Enhanced' Host Controller (EHCI) Driver
[    0.490176] ehci-pci: EHCI PCI platform driver
[    0.490704] ehci-platform: EHCI generic platform driver
[    0.491266] ohci_hcd: USB 1.1 'Open' Host Controller (OHCI) Driver
[    0.491910] ohci-pci: OHCI PCI platform driver
[    0.492573] ohci-platform: OHCI generic platform driver
[    0.493167] uhci_hcd: USB Universal Host Controller Interface driver
[    0.493960] i8042: PNP: PS/2 Controller [PNP0303:PS2K,PNP0f03:PS2M] at 0x60,0x64 irq 1,12
[    0.495221] serio: i8042 KBD port at 0x60,0x64 irq 1
[    0.495763] serio: i8042 AUX port at 0x60,0x64 irq 12
[    0.496371] mousedev: PS/2 mouse device common for all mice
[    0.497198] input: AT Translated Set 2 keyboard as /devices/platform/i8042/serio0/input/input2
[    0.498523] rtc_cmos rtc_cmos: rtc core: registered rtc_cmos as rtc0
[    0.499492] rtc_cmos rtc_cmos: alarms up to one day, 114 bytes nvram
[    0.500281] i2c /dev entries driver
[    0.500744] device-mapper: uevent: version 1.0.3
[    0.501398] device-mapper: ioctl: 4.37.0-ioctl (2017-09-20) initialised: dm-devel@redhat.com
[    0.502457] ledtrig-cpu: registered to indicate activity on CPUs
[    0.503316] NET: Registered protocol family 10
[    0.506297] Segment Routing with IPv6
[    0.506819] NET: Registered protocol family 17
[    0.507356] Key type dns_resolver registered
[    0.507903] mce: Using 0 MCE banks
[    0.508366] RAS: Correctable Errors collector initialized.
[    0.508944] sched_clock: Marking stable (508350370, 0)->(608468102, -100117732)
[    0.509824] registered taskstats version 1
[    0.510386] Loading compiled-in X.509 certificates
[    0.512611] Loaded X.509 cert 'Build time autogenerated kernel key: bf5768e0b2369bd53acb56866ca104cf5a2c379b'
[    0.514172] Loaded X.509 cert 'Canonical Ltd. Live Patch Signing: 14df34d1a87cf37625abec039ef2bf521249b969'
[    0.515747] Loaded X.509 cert 'Canonical Ltd. Kernel Module Signing: 88f752e560a1e0737e31163a466ad7b70a850c19'
[    0.516915] zswap: loaded using pool lzo/zbud
[    0.519550] Key type big_key registered
[    0.520044] Key type trusted registered
[    0.521406] Key type encrypted registered
[    0.521889] AppArmor: AppArmor sha1 policy hashing enabled
[    0.522509] ima: No TPM chip found, activating TPM-bypass! (rc=-19)
[    0.523219] ima: Allocated hash algorithm: sha1
[    0.523872] evm: HMAC attrs: 0x1
[    0.524540]   Magic number: 9:687:735
[    0.525073] rtc_cmos rtc_cmos: setting system clock to 2021-10-08 13:44:55 UTC (1633700695)
[    0.526060] BIOS EDD facility v0.16 2004-Jun-25, 0 devices found
[    0.526738] EDD information not available.
[    0.668949] Freeing unused kernel image memory: 2448K
[    0.676068] Write protecting the kernel read-only data: 20480k
[    0.677997] Freeing unused kernel image memory: 2008K
[    0.679407] Freeing unused kernel image memory: 1824K
[    0.688226] x86/mm: Checked W+X mappings: passed, no W+X pages found.
[    0.689453] x86/mm: Checking user space page tables
[    0.694620] x86/mm: Checked W+X mappings: passed, no W+X pages found.
Loading, please wait...
starting version 237
[    0.778878] e1000: Intel(R) PRO/1000 Network Driver - version 7.3.21-k8-NAPI
[    0.779784] e1000: Copyright (c) 1999-2006 Intel Corporation.
[    0.788807] Fusion MPT base driver 3.04.20
[    0.789399] Copyright (c) 1999-2008 LSI Corporation
[    0.792273] Fusion MPT SPI Host driver 3.04.20
[    0.811643] AVX2 version of gcm_enc/dec engaged.
[    0.812279] AES CTR mode by8 optimization enabled
[    0.999710] input: ImExPS/2 Generic Explorer Mouse as /devices/platform/i8042/serio1/input/input4
[    1.150340] e1000 0000:00:03.0 eth0: (PCI:33MHz:32-bit) 02:2f:77:f1:0c:e0
[    1.151142] e1000 0000:00:03.0 eth0: Intel(R) PRO/1000 Network Connection
[    1.152572] mptbase: ioc0: Initiating bringup
[    1.256254] ioc0: LSI53C1030 A0: Capabilities={Initiator}
[    1.497887] scsi host2: ioc0: LSI53C1030 A0, FwRev=00000000h, Ports=1, MaxQ=256, IRQ=20
[    1.664801] scsi 2:0:0:0: Direct-Access     VBOX     HARDDISK         1.0  PQ: 0 ANSI: 5
[    1.667874] scsi target2:0:0: Beginning Domain Validation
[    1.672166] scsi target2:0:0: Domain Validation skipping write tests
[    1.672982] scsi target2:0:0: Ending Domain Validation
[    1.673587] random: fast init done
[    1.674032] scsi target2:0:0: asynchronous
[    1.675028] scsi 2:0:1:0: Direct-Access     VBOX     HARDDISK         1.0  PQ: 0 ANSI: 5
[    1.675936] scsi target2:0:1: Beginning Domain Validation
[    1.677053] scsi target2:0:1: Domain Validation skipping write tests
[    1.677795] scsi target2:0:1: Ending Domain Validation
[    1.678610] scsi target2:0:1: asynchronous
[    1.681347] random: systemd-udevd: uninitialized urandom read (16 bytes read)
[    1.682437] random: systemd-udevd: uninitialized urandom read (16 bytes read)
[    1.683469] random: systemd-udevd: uninitialized urandom read (16 bytes read)
[    1.684855] sd 2:0:0:0: Attached scsi generic sg0 type 0
[    1.685717] sd 2:0:0:0: [sda] 83886080 512-byte logical blocks: (42.9 GB/40.0 GiB)
[    1.687045] sd 2:0:0:0: [sda] Write Protect is off
[    1.687671] sd 2:0:0:0: [sda] Incomplete mode parameter data
[    1.688325] sd 2:0:0:0: [sda] Assuming drive cache: write through
[    1.690151] sd 2:0:1:0: [sdb] 20480 512-byte logical blocks: (10.5 MB/10.0 MiB)
[    1.691006]  sda: sda1
[    1.691370] sd 2:0:1:0: [sdb] Write Protect is off
[    1.692136] sd 2:0:1:0: [sdb] Incomplete mode parameter data
[    1.692932] sd 2:0:1:0: [sdb] Assuming drive cache: write through
[    1.694185] sd 2:0:0:0: [sda] Attached SCSI disk
[    1.694841] sd 2:0:1:0: Attached scsi generic sg1 type 0
[    1.696601] sd 2:0:1:0: [sdb] Attached SCSI disk
[    2.021789] e1000 0000:00:08.0 eth1: (PCI:33MHz:32-bit) 08:00:27:36:60:40
[    2.023158] e1000 0000:00:08.0 eth1: Intel(R) PRO/1000 Network Connection
[    2.025003] e1000 0000:00:08.0 enp0s8: renamed from eth1
[    2.027044] e1000 0000:00:03.0 enp0s3: renamed from eth0
Begin: Loading essential drivers ... [    3.342848] raid6: sse2x1   gen() 15332 MB/s
[    3.399040] raid6: sse2x1   xor()  9962 MB/s
[    3.455185] raid6: sse2x2   gen() 16989 MB/s
[    3.519358] raid6: sse2x2   xor() 12976 MB/s
[    3.579547] raid6: sse2x4   gen() 23761 MB/s
[    3.639700] raid6: sse2x4   xor() 13454 MB/s
[    3.695883] raid6: avx2x1   gen() 29959 MB/s
[    3.752073] raid6: avx2x1   xor() 18566 MB/s
[    3.808217] raid6: avx2x2   gen() 32543 MB/s
[    3.868389] raid6: avx2x2   xor() 21403 MB/s
[    3.920526] raid6: avx2x4   gen() 36320 MB/s
[    3.972764] raid6: avx2x4   xor() 21379 MB/s
[    3.973402] raid6: using algorithm avx2x4 gen() 36320 MB/s
[    3.973984] raid6: .... xor() 21379 MB/s, rmw enabled
[    3.974530] raid6: using avx2x2 recovery algorithm
[    3.976740] xor: automatically using best checksumming function   avx       
[    3.978993] async_tx: api initialized (async)
done.
Begin: Running /scripts/init-premount ... done.
Begin: Mounting root file system ... Begin: Running /scripts/local-top ... done.
Begin: Running /scripts/local-premount ... [    4.022646] Btrfs loaded, crc32c=crc32c-intel
Scanning for Btrfs filesystems
done.
Warning: fsck not present, so skipping root file system
[    4.046366] EXT4-fs (sda1): mounted filesystem with ordered data mode. Opts: (null)
done.
Begin: Running /scripts/local-bottom ... done.
Begin: Running /scripts/init-bottom ... done.
[    4.234728] ip_tables: (C) 2000-2006 Netfilter Core Team
[    4.243379] systemd[1]: systemd 237 running in system mode. (+PAM +AUDIT +SELINUX +IMA +APPARMOR +SMACK +SYSVINIT +UTMP +LIBCRYPTSETUP +GCRYPT +GNUTLS +ACL +XZ +LZ4 +SECCOMP +BLKID +ELFUTILS +KMOD -IDN2 +IDN -PCRE2 default-hierarchy=hybrid)
[    4.247574] systemd[1]: Detected virtualization oracle.
[    4.248651] systemd[1]: Detected architecture x86-64.

Welcome to [1mUbuntu 18.04.6 LTS[0m!

[    4.267564] systemd[1]: Set hostname to <ubuntu>.
[    4.273836] systemd[1]: Initializing machine ID from random generator.
[    4.275662] systemd[1]: Installed transient /etc/machine-id file.
[    4.512128] systemd[1]: Started Forward Password Requests to Wall Directory Watch.
[[0;32m  OK  [0m] Started Forward Password Requests to Wall Directory Watch.
[    4.514953] systemd[1]: Set up automount Arbitrary Executable File Formats File System Automount Point.
[[0;32m  OK  [0m] Set up automount Arbitrary Executabâ€¦rmats File System Automount Point.
[    4.518509] systemd[1]: Created slice System Slice.
[[0;32m  OK  [0m] Created slice System Slice.
[    4.519645] systemd[1]: Listening on Network Service Netlink Socket.
[[0;32m  OK  [0m] Listening on Network Service Netlink Socket.
[[0;32m  OK  [0m] Listening on udev Control Socket.
[[0;32m  OK  [0m] Listening on Syslog Socket.
[[0;32m  OK  [0m] Listening on fsck to fsckd communication Socket.
[[0;32m  OK  [0m] Reached target System Time Synchronized.
[[0;32m  OK  [0m] Listening on Journal Socket (/dev/log).
[[0;32m  OK  [0m] Listening on Journal Audit Socket.
[[0;32m  OK  [0m] Listening on Journal Socket.
         Starting Journal Service...
         Starting Load Kernel Modules...
         Mounting Kernel Debug File System...
         Starting Create list of required stâ€¦ce nodes for the current kernel...
[    4.553906] Loading iSCSI transport class v2.0-870.
         Starting Uncomplicated firewall...
         Mounting Huge Pages File System...
         Starting Set the console keyboard layout...
         Starting File System Check on Root Device...
[[0;32m  OK  [0m] Listening on /dev/initctl Compatibility Named Pipe.
[[0;32m  OK  [0m] Listening on Device-mapper event daemon FIFOs.
[    4.569066] iscsi: registered transport (tcp)
[[0;32m  OK  [0m] Listening on LVM2 metadata daemon socket.
         Starting Monitoring of LVM2 mirrorsâ€¦ng dmeventd or progress polling...
[[0;32m  OK  [0m] Listening on udev Kernel Socket.
         Mounting POSIX Message Queue File System...
[[0;32m  OK  [0m] Listening on LVM2 poll daemon socket.
         Starting udev Coldplug all Devices...
[[0;32m  OK  [0m] Reached target Swap.
[[0;32m  OK  [0m] Reached target User and Group Name Lookups.
[[0;32m  OK  [0m] Created slice system-serial\x2dgetty.slice.
[[0;32m  OK  [0m] Created slice User and Session Slice.
[[0;32m  OK  [0m] Reached target Slices.
[[0;32m  OK  [0m] Started Journal Service.
[[0;32m  OK  [0m] Started Create list of required staâ€¦vice nodes for the current kernel.
[[0;32m  OK  [0m] Started Uncomplicated firewall.
[[0;32m  OK  [0m] Started File System Check Daemon to report status.
         Starting Create Static Device Nodes in /dev...
[[0;32m  OK  [0m] Mounted POSIX Message Queue File System.
[[0;32m  OK  [0m] Mounted Kernel Debug File System.
[[0;32m  OK  [0m] Mounted Huge Pages File System.
[[0;32m  OK  [0m] Started File System Check on Root Device.
         Starting Remount Root and Kernel File Systems...
[[0;32m  OK  [0m] Started LVM2 metadata daemon.
[[0;32m  OK  [0m] Started udev Coldplug all Devices.
[[0;32m  OK  [0m] Started Create Static Device Nodes in /dev.
[    4.732830] iscsi: registered transport (iser)
[[0;32m  OK  [0m] Started Load Kernel Modules.
         Starting Apply Kernel Variables...
         Mounting FUSE Control File System...
         Mounting Kernel Configuration File System...
[[0;32m  OK  [0m] Mounted Kernel Configuration File System.
[[0;32m  OK  [0m] Mounted FUSE Control File System.
[[0;32m  OK  [0m] Started Remount Root and Kernel File Systems.
         Starting udev Kernel Device Manager...
         Starting Flush Journal to Persistent Storage...
         Starting Load/Save Random Seed...
[[0;32m  OK  [0m] Started Apply Kernel Variables.
[[0;32m  OK  [0m] Started Monitoring of LVM2 mirrors,â€¦sing dmeventd or progress polling.
[[0;32m  OK  [0m] Started Load/Save Random Seed.
[[0;32m  OK  [0m] Started Set the console keyboard layout.
[[0;32m  OK  [0m] Reached target Local File Systems (Pre).
[[0;32m  OK  [0m] Reached target Local File Systems.
         Starting Tell Plymouth To Write Out Runtime Data...
         Starting Set console font and keymap...
         Starting AppArmor initialization...
         Starting ebtables ruleset management...
         Starting Commit a transient machine-id on disk...
[[0;32m  OK  [0m] Started Set console font and keymap.
[[0;32m  OK  [0m] Started Tell Plymouth To Write Out Runtime Data.
[[0;32m  OK  [0m] Started udev Kernel Device Manager.
[[0;32m  OK  [0m] Started Dispatch Password Requests to Console Directory Watch.
[[0;32m  OK  [0m] Reached target Local Encrypted Volumes.
[[0;32m  OK  [0m] Started Flush Journal to Persistent Storage.
         Starting Create Volatile Files and Directories...
[[0;32m  OK  [0m] Started Commit a transient machine-id on disk.
[[0;32m  OK  [0m] Started Create Volatile Files and Directories.
         Starting Update UTMP about System Boot/Shutdown...
[[0;32m  OK  [0m] Started Update UTMP about System Boot/Shutdown.
[[0;32m  OK  [0m] Started ebtables ruleset management.
[[0;32m  OK  [0m] Found device /dev/ttyS0.
[[0;32m  OK  [0m] Listening on Load/Save RF Kill Switch Status /dev/rfkill Watch.
[[0;32m  OK  [0m] Started AppArmor initialization.
         Starting Initial cloud-init job (pre-networking)...
         Starting Load AppArmor profiles managed internally by snapd...
[[0;32m  OK  [0m] Started Load AppArmor profiles managed internally by snapd.
[    6.959890] cloud-init[569]: Cloud-init v. 21.2-3-g899bfaa9-0ubuntu2~18.04.1 running 'init-local' at Fri, 08 Oct 2021 13:45:01 +0000. Up 6.70 seconds.
[[0;32m  OK  [0m] Started Initial cloud-init job (pre-networking).
[[0;32m  OK  [0m] Reached target Network (Pre).
         Starting Network Service...
[[0;32m  OK  [0m] Started Network Service.
         Starting Wait for Network to be Configured...
         Starting Network Name Resolution...
[[0;32m  OK  [0m] Started Network Name Resolution.
[[0;32m  OK  [0m] Reached target Host and Network Name Lookups.
[[0;32m  OK  [0m] Reached target Network.
[[0;32m  OK  [0m] Started Wait for Network to be Configured.
         Starting Initial cloud-init job (metadata service crawler)...
[    8.538094] cloud-init[672]: Cloud-init v. 21.2-3-g899bfaa9-0ubuntu2~18.04.1 running 'init' at Fri, 08 Oct 2021 13:45:03 +0000. Up 8.43 seconds.
[    8.540172] cloud-init[672]: ci-info: ++++++++++++++++++++++++++++++++++++++Net device info++++++++++++++++++++++++++++++++++++++
[    8.541106] cloud-init[672]: ci-info: +--------+-------+---------------------------+---------------+--------+-------------------+
[    8.543714] cloud-init[672]: ci-info: | Device |   Up  |          Address          |      Mask     | Scope  |     Hw-Address    |
[    8.544838] cloud-init[672]: ci-info: +--------+-------+---------------------------+---------------+--------+-------------------+
[    8.546490] cloud-init[672]: ci-info: | enp0s3 |  True |         10.0.2.15         | 255.255.255.0 | global | 02:2f:77:f1:0c:e0 |
[    8.548060] cloud-init[672]: ci-info: | enp0s3 |  True | fe80::2f:77ff:fef1:ce0/64 |       .       |  link  | 02:2f:77:f1:0c:e0 |
[    8.550004] cloud-init[672]: ci-info: | enp0s8 | False |             .             |       .       |   .    | 08:00:27:36:60:40 |
[    8.551749] cloud-init[672]: ci-info: |   lo   |  True |         127.0.0.1         |   255.0.0.0   |  host  |         .         |
[    8.554655] cloud-init[672]: ci-info: |   lo   |  True |          ::1/128          |       .       |  host  |         .         |
[    8.558020] cloud-init[672]: ci-info: +--------+-------+---------------------------+---------------+--------+-------------------+
[    8.560824] cloud-init[672]: ci-info: ++++++++++++++++++++++++++++Route IPv4 info+++++++++++++++++++++++++++++
[    8.562694] cloud-init[672]: ci-info: +-------+-------------+----------+-----------------+-----------+-------+
[    8.564345] cloud-init[672]: ci-info: | Route | Destination | Gateway  |     Genmask     | Interface | Flags |
[    8.566023] cloud-init[672]: ci-info: +-------+-------------+----------+-----------------+-----------+-------+
[    8.567875] cloud-init[672]: ci-info: |   0   |   0.0.0.0   | 10.0.2.2 |     0.0.0.0     |   enp0s3  |   UG  |
[    8.572976] cloud-init[672]: ci-info: |   1   |   10.0.2.0  | 0.0.0.0  |  255.255.255.0  |   enp0s3  |   U   |
[    8.573926] cloud-init[672]: ci-info: |   2   |   10.0.2.2  | 0.0.0.0  | 255.255.255.255 |   enp0s3  |   UH  |
[    8.574804] cloud-init[672]: ci-info: +-------+-------------+----------+-----------------+-----------+-------+
[    8.575863] cloud-init[672]: ci-info: +++++++++++++++++++Route IPv6 info+++++++++++++++++++
[    8.577761] cloud-init[672]: ci-info: +-------+-------------+---------+-----------+-------+
[    8.578494] cloud-init[672]: ci-info: | Route | Destination | Gateway | Interface | Flags |
[    8.581276] cloud-init[672]: ci-info: +-------+-------------+---------+-----------+-------+
[    8.582054] cloud-init[672]: ci-info: |   1   |  fe80::/64  |    ::   |   enp0s3  |   U   |
[    8.585027] cloud-init[672]: ci-info: |   3   |    local    |    ::   |   enp0s3  |   U   |
[    8.586327] cloud-init[672]: ci-info: |   4   |   ff00::/8  |    ::   |   enp0s3  |   U   |
[    8.587571] cloud-init[672]: ci-info: +-------+-------------+---------+-----------+-------+
[    9.216938] cloud-init[672]: Generating public/private rsa key pair.
[    9.217477] cloud-init[672]: Your identification has been saved in /etc/ssh/ssh_host_rsa_key.
[    9.218264] cloud-init[672]: Your public key has been saved in /etc/ssh/ssh_host_rsa_key.pub.
[    9.219085] cloud-init[672]: The key fingerprint is:
[    9.219445] cloud-init[672]: SHA256:N5PuBiXj/dMhianfQL7gtl4tV4UKXT8argKpxnsxH9M root@ubuntu-bionic
[    9.220191] cloud-init[672]: The key's randomart image is:
[    9.220863] cloud-init[672]: +---[RSA 2048]----+
[    9.221441] cloud-init[672]: |              .  |
[    9.224521] cloud-init[672]: |           . . o |
[    9.225164] cloud-init[672]: |          . ....o|
[    9.225814] cloud-init[672]: |        + .o..o..|
[    9.228377] cloud-init[672]: |       +S=Bo.+.  |
[    9.228977] cloud-init[672]: |    . .o+B+E+..  |
[    9.229404] cloud-init[672]: |     +  =+Oooo . |
[    9.229950] cloud-init[672]: |    . .oo=o*o .  |
[    9.232219] cloud-init[672]: |     ..o+++ ..   |
[    9.232623] cloud-init[672]: +----[SHA256]-----+
[    9.236412] cloud-init[672]: Generating public/private dsa key pair.
[    9.236892] cloud-init[672]: Your identification has been saved in /etc/ssh/ssh_host_dsa_key.
[    9.237655] cloud-init[672]: Your public key has been saved in /etc/ssh/ssh_host_dsa_key.pub.
[    9.238405] cloud-init[672]: The key fingerprint is:
[    9.238950] cloud-init[672]: SHA256:I0qiF2W234znHT8hxS5HYtoEZZil9HYUJmcVhQi1ceI root@ubuntu-bionic
[    9.239875] cloud-init[672]: The key's randomart image is:
[    9.244873] cloud-init[672]: +---[DSA 1024]----+
[    9.245380] cloud-init[672]: |        .=*oX+++.|
[    9.245955] cloud-init[672]: |       .++ B.=.  |
[    9.246585] cloud-init[672]: |    +   ..o.E    |
[    9.247152] cloud-init[672]: |   + .   .+.+    |
[    9.247679] cloud-init[672]: |  o o . S= =     |
[    9.248170] cloud-init[672]: | . + o =..+ +    |
[    9.248732] cloud-init[672]: |. . . o + .+ .   |
[    9.252195] cloud-init[672]: | .     o . o.    |
[    9.252742] cloud-init[672]: |        . . ..   |
[    9.264608] cloud-init[672]: +----[SHA256]-----+
[    9.280638] cloud-init[672]: Generating public/private ecdsa key pair.
[    9.281211] cloud-init[672]: Your identification has been saved in /etc/ssh/ssh_host_ecdsa_key.
[    9.282087] cloud-init[672]: Your public key has been saved in /etc/ssh/ssh_host_ecdsa_key.pub.
[    9.282872] cloud-init[672]: The key fingerprint is:
[    9.283389] cloud-init[672]: SHA256:Jj50/lQIZjmQJqLMQ0GuKrEbZJkHIokbryhpGpeSqGc root@ubuntu-bionic
[[0;32m  OK  [0m] Started Initial cloud-init job (metadata service crawler).
[[0;32m  OK  [0m] Reached target Cloud-config availability.
[    9.303753] cloud-init[672]: The key's randomart image is:
[[0;32m  OK  [0m] Reached target Network is Online.
[    9.306888] cloud-init[672]: +---[ECDSA 256]---+
[    9.307758] cloud-init         Starting Availability of block devices...
[[0;32m  OK  [0m] Reached target Remote File Systems (Pre).
[[0;32m  OK  [0m] Reached target Remote File Systems.
[[0;32m  OK  [0m] Reached target System Initialization.
[[0;32m  OK  [0m] Started Daily apt download activities.
[672]: |.o.   ..         |
         Starting Socket activation for snappy daemon.
[[0;32m  OK  [0m[    9.320495] cloud-init[672]: |oo. . o. .       |
] Listening on Open-iSCSI iscsid Socket.
[[0;32m  OK  [0m] Listening on ACPID Listen Socket.
[[0;32m  OK  [0m] Started Ubuntu Advantage update messaging.
[[0;32m  OK  [0m] Listening on D-Bus System Message Bus Socket.
[[0;32m  OK  [0m] Started Daily apt upgrade and clean activities.
[    9.324612] cloud-init[672]: |X+ . o  *        |
[    9.325082] cloud-init[672]: |=B+    o o .     |
[    9.327456] cloud-init[672]: |+=o.  o S . .    |
[[0;32m  OK  [0m] Started ACPI Events Check.
         Starting LXD - unix socket.
[    9.330304] cloud-init[672]: |**.. o =   .     |
[[0;32m  OK  [0m] Listening on UUID daemon activation socket.
[    9.331550] cloud-init[672]: |#.o   o . .      |
[[0;32m  OK  [0m] Started Daily Cleanup of Temporary Directories.
[    9.333839] cloud-init[672]: |**E    . o       |
[[0;32m  OK  [0m] Started Discard unused blocks once a week.
[[0;32m  OK  [0m] Reached target Paths.
[[0;32m  OK  [0m] Started Message of the Day.
[    9.338446] cloud-init[672]: |+o        .      |
[[0;32m  OK  [0m] Reached target Timers.
[[0;32m  OK  [0m] Started Availability of block devices.
[    9.342105] cloud-init[672]: +----[SHA256]-----+
[[0;32m  OK  [0m] Listening on Socket activation for snappy daemon.
[[0;32m  OK  [0m] Listening on LXD - unix socket.
[    9.345217] cloud-init[672]: Generating public/private ed25519 key pair.
[[0;32m  OK  [0m] Reached target Sockets.
[[0;32m  OK  [0m] Reached target Basic System.
[    9.348439] cloud-init[672]: Your identification has been saved in /etc/ssh/ssh_host_ed25519_key.
         Starting System Logging Service...
         Starting LXD - container startup/shutdown...
[    9.353884] cloud-init[672]: Your public key has been saved in /etc/ssh/ssh_host_ed25519_key.pub.
         Starting LSB: automatic crash report generation...
[[0;32m  OK  [0m] Started irqbalance daemon.
[    9.361008] cloud-init[672]: The key fingerprint is:
         Starting LSB: Record successful boot for GRUB...
[    9.365078] [[0;32m  OK  [0m] Started Deferred execution scheduler.
cloud-init[672]: SHA256:QGKCvGkhYgpsmeb6EvmMB6/b6FoZkdgs2k2bE5kW+ZI root@ubuntu-bionic
[    9.370450] cloud-init[672]: The key's randomart image is:
[    9.372697] cloud-init[672]: +--[ED25519 256]--+
[    9.373931] cloud-init[672]: |o.+ +..          |
[    9.375351] cloud-init[672]: |=& +.*           |
[    9.377504] cloud-init[672]: |% O *o.          |
[    9.380970] cloud-init[672]: |oB =E+..         |
[    9.383248] cloud-init[672]: |+.o =.  S        |
[    9.383696] cloud-init[672]: |=  o .           |
[    9.384240] cloud-init[672]: | Oo              |
[    9.384746] cloud-init[672]: |o+*              |
[    9.386894] cloud-init[672]: |B*.              |
[    9.388437] cloud-init[672]: +----[SHA256]-----+
         Starting Dispatcher daemon for systemd-networkd...
[[0;32m  OK  [0m] Started FUSE filesystem for LXC.
         Starting Virtualbox guest utils...
         Starting Login Service...
[[0;32m  OK  [0m] Started D-Bus System Message Bus.
         Starting Permit User Sessions...
         Starting Pollinate to seed the pseudo random number generator...
         Starting Accounts Service...
[[0;32m  OK  [0m] Started Regular background program processing daemon.
         Starting Snap Daemon...
[[0;32m  OK  [0m] Started System Logging Service.
[[0;32m  OK  [0m] Started Login Service.
[[0;32m  OK  [0m] Started Unattended Upgrades Shutdown.
[[0;32m  OK  [0m] Started Permit User Sessions.
         Starting Terminate Plymouth Boot Screen...
         Starting Hold until boot process finishes up...
[[0;32m  OK  [0m] Started Hold until boot process finishes up.
         Starting Set console scheme...
[[0;32m  OK  [0m] Started Serial Getty on ttyS0.
[[0;32m  OK  [0m] Started Terminate Plymouth Boot Screen.
[[0;32m  OK  [0m] Started LXD - container startup/shutdown.
[[0;32m  OK  [0m] Started Set console scheme.
[[0;32m  OK  [0m] Created slice system-getty.slice.
[[0;32m  OK  [0m] Started Getty on tty1.
[[0;32m  OK  [0m] Reached target Login Prompts.
[[0;32m  OK  [0m] Started LSB: automatic crash report generation.
[[0;32m  OK  [0m] Started LSB: Record successful boot for GRUB.
         Starting Authorization Manager...
[[0;32m  OK  [0m] Started Authorization Manager.
[[0;32m  OK  [0m] Started Accounts Service.
[[0;32m  OK  [0m] Started Virtualbox guest utils.
[[0;32m  OK  [0m] Started Dispatcher daemon for systemd-networkd.
[[0;32m  OK  [0m] Started Snap Daemon.
         Starting Wait until snapd is fully seeded...
[[0;32m  OK  [0m] Started Pollinate to seed the pseudo random number generator.
         Starting OpenBSD Secure Shell server...
[[0;32m  OK  [0m] Started OpenBSD Secure Shell server.
[[0;32m  OK  [0m] Created slice User Slice of vagrant.
         Starting User Manager for UID 1000...
[[0;32m  OK  [0m] Started Session 1 of user vagrant.
[[0;32m  OK  [0m] Started User Manager for UID 1000.
[[0;32m  OK  [0m] Started Wait until snapd is fully seeded.
[[0;32m  OK  [0m] Reached target Multi-User System.
[[0;32m  OK  [0m] Reached target Graphical Interface.
         Starting Update UTMP about System Runlevel Changes...
         Starting Apply the settings specified in cloud-config...
[[0;32m  OK  [0m] Started Update UTMP about System Runlevel Changes.
[   14.018776] cloud-init[1203]: Cloud-init v. 21.2-3-g899bfaa9-0ubuntu2~18.04.1 running 'modules:config' at Fri, 08 Oct 2021 13:45:08 +0000. Up 13.63 seconds.
[[0;32m  OK  [0m] Started Apply the settings specified in cloud-config.
         Starting Execute cloud user/final scripts...
ci-info: no authorized SSH keys fingerprints found for user ubuntu.
<14>Oct  8 13:45:09 cloud-init: #############################################################
<14>Oct  8 13:45:09 cloud-init: -----BEGIN SSH HOST KEY FINGERPRINTS-----
<14>Oct  8 13:45:09 cloud-init: 1024 SHA256:I0qiF2W234znHT8hxS5HYtoEZZil9HYUJmcVhQi1ceI root@ubuntu-bionic (DSA)
<14>Oct  8 13:45:09 cloud-init: 256 SHA256:Jj50/lQIZjmQJqLMQ0GuKrEbZJkHIokbryhpGpeSqGc root@ubuntu-bionic (ECDSA)
<14>Oct  8 13:45:09 cloud-init: 256 SHA256:QGKCvGkhYgpsmeb6EvmMB6/b6FoZkdgs2k2bE5kW+ZI root@ubuntu-bionic (ED25519)
<14>Oct  8 13:45:09 cloud-init: 2048 SHA256:N5PuBiXj/dMhianfQL7gtl4tV4UKXT8argKpxnsxH9M root@ubuntu-bionic (RSA)
<14>Oct  8 13:45:09 cloud-init: -----END SSH HOST KEY FINGERPRINTS-----
<14>Oct  8 13:45:09 cloud-init: #############################################################
-----BEGIN SSH HOST KEY KEYS-----
ecdsa-sha2-nistp256 AAAAE2VjZHNhLXNoYTItbmlzdHAyNTYAAAAIbmlzdHAyNTYAAABBBC1hAYw8uyrkaHmHJhHBCfIJ94UzXzY+2y56gWc3UI1nB02h1jv88PLCzxi6UnXxdxVb7HO/j3UjyxRStGkup6o= root@ubuntu-bionic
ssh-ed25519 AAAAC3NzaC1lZDI1NTE5AAAAIDk4Ii5xHC3Heym2GieHVpum3RpNSkykuYhCLhLTzsJe root@ubuntu-bionic
ssh-rsa AAAAB3NzaC1yc2EAAAADAQABAAABAQDn0irPnYapyEie1qrJJJE0rwwtQoe+JPQz5x0hIkyKcxBPk448tKMyC8LjAQmW6CWWzQFRd89qo25VWJdUFbOVQ3x/doQxFvVTgM4VjJM/VnzlP2zv+cZ71F6e9gCJ5cmDztWE3zpq6qK+xMLoTIpR0OOsKe7nno0FpQcSH/J+fKlWgUu2laNYzQRw5+RD1Fc0SEUbq5Y0FKgZ5ORlHyaOheYduMDFpX3OjpNJY85DfgR9v3N0nqja1NKoU6PN8aWZ1/tuKvAvj6asRu/qMOvCpEYBfPpSlizxoK4AIiGIN9p6P+LRSPkJhmseabdBEaMey3RsoMhJ+8z/VnWcYaq3 root@ubuntu-bionic
-----END SSH HOST KEY KEYS-----
[   14.801945] cloud-init[1295]: Cloud-init v. 21.2-3-g899bfaa9-0ubuntu2~18.04.1 running 'modules:final' at Fri, 08 Oct 2021 13:45:09 +0000. Up 14.54 seconds.
[   14.803145] cloud-init[1295]: ci-info: no authorized SSH keys fingerprints found for user ubuntu.
[   14.803952] cloud-init[1295]: Cloud-init v. 21.2-3-g899bfaa9-0ubuntu2~18.04.1 finished at Fri, 08 Oct 2021 13:45:09 +0000. Datasource DataSourceNoCloud [seed=/dev/sdb][dsmode=net].  Up 14.79 seconds

Ubuntu 18.04.6 LTS ubuntu-bionic ttyS0

ubuntu-bionic login: 